[gen_wave]
[module_name_gen_test] begin
[gen_show_def_name_wildcard_tree_begin]
[print_hierarchy] max_level=4 style=tree wildcard=*u_mid* show_def_name=true
tb_top (module: tb_top)
|-- u_top (module: top)
|   |-- u_mid_a (module: MidMod)
|   |   |-- clock
|   |   |-- data
|   |   |-- leaf_data
|   |   |-- reset
|   |   |-- u_leaf (module: LeafMod)
|   |   |   |-- clock
|   |   |   |-- data
|   |   |   |-- reset
|   |-- u_mid_b (module: MidMod)
|   |   |-- clock
|   |   |-- data
|   |   |-- leaf_data
|   |   |-- reset
|   |   |-- u_leaf (module: LeafMod)
|   |   |   |-- clock
|   |   |   |-- data
|   |   |   |-- reset
|   |-- u_mid_out (module: MidMod)
|   |   |-- clock
|   |   |-- data
|   |   |-- leaf_data
|   |   |-- reset
|   |   |-- u_leaf (module: LeafMod)
|   |   |   |-- clock
|   |   |   |-- data
|   |   |   |-- reset
[gen_show_def_name_wildcard_tree_end]
[module_name_gen_leaf_def_name] LeafMod
[gen_leaf_paths_count] 4
[gen_leaf_paths] tb_top.u_top.u_leaf_top
[gen_leaf_paths] tb_top.u_top.u_mid_a.u_leaf
[gen_leaf_paths] tb_top.u_top.u_mid_b.u_leaf
[gen_leaf_paths] tb_top.u_top.u_mid_out.u_leaf
[gen_leaf_wild_paths_count] 4
[gen_leaf_wild_paths] tb_top.u_top.u_leaf_top
[gen_leaf_wild_paths] tb_top.u_top.u_mid_a.u_leaf
[gen_leaf_wild_paths] tb_top.u_top.u_mid_b.u_leaf
[gen_leaf_wild_paths] tb_top.u_top.u_mid_out.u_leaf
[module_name_gen_mid_def_name] MidMod
[gen_mid_paths_count] 3
[gen_mid_paths] tb_top.u_top.u_mid_a
[gen_mid_paths] tb_top.u_top.u_mid_b
[gen_mid_paths] tb_top.u_top.u_mid_out
[gen_mid_wild_paths_count] 1
[gen_mid_wild_paths] tb_top.u_top.u_mid_a
[gen_none_paths_count] 0
[module_name_gen_show_def_name_contains] LeafMod
[gen_multi_wild_paths_count] 2
[gen_multi_wild_paths] tb_top.u_top.u_mid_a.data
[gen_multi_wild_paths] tb_top.u_top.u_mid_b.data
[gen_multi_wild_tree_begin]
[print_hierarchy] max_level=4 style=tree wildcard=*u_mid_a.data,*u_mid_b.data
tb_top
|-- u_top
|   |-- u_mid_a
|   |   |-- data
|   |-- u_mid_b
|   |   |-- data
[gen_multi_wild_tree_end]
[gen_multi_wild_contains] u_mid_a,u_mid_b
[gen_show_def_name_no_wildcard_tree_begin]
[print_hierarchy] max_level=4 style=tree show_def_name=true
tb_top (module: tb_top)
|-- clock
|-- cycles
|-- reset
|-- u_others (module: Others)
|   |-- clock
|   |-- reset
|-- u_top (module: top)
|   |-- clock
|   |-- leaf_top_data
|   |-- mid_a_data
|   |-- mid_b_data
|   |-- mid_out_data
|   |-- reset
|   |-- u_leaf_top (module: LeafMod)
|   |   |-- clock
|   |   |-- data
|   |   |-- reset
|   |-- u_mid_a (module: MidMod)
|   |   |-- clock
|   |   |-- data
|   |   |-- leaf_data
|   |   |-- reset
|   |   |-- u_leaf (module: LeafMod)
|   |   |   |-- clock
|   |   |   |-- data
|   |   |   |-- reset
|   |-- u_mid_b (module: MidMod)
|   |   |-- clock
|   |   |-- data
|   |   |-- leaf_data
|   |   |-- reset
|   |   |-- u_leaf (module: LeafMod)
|   |   |   |-- clock
|   |   |   |-- data
|   |   |   |-- reset
|   |-- u_mid_out (module: MidMod)
|   |   |-- clock
|   |   |-- data
|   |   |-- leaf_data
|   |   |-- reset
|   |   |-- u_leaf (module: LeafMod)
|   |   |   |-- clock
|   |   |   |-- data
|   |   |   |-- reset
[gen_show_def_name_no_wildcard_tree_end]
[module_name_gen_show_def_name_no_wildcard_contains] MidMod
[gen_show_sig_type_tree_begin]
[print_hierarchy] max_level=4 style=tree wildcard=*u_mid_a.data show_sig_type=true
tb_top
|-- u_top
|   |-- u_mid_a
|   |   |-- data (type: reg)
[gen_show_sig_type_tree_end]
[module_name_gen_show_sig_type_contains] reg
[gen_show_sig_type_paths_count] 1
[gen_show_sig_type_paths] tb_top.u_top.u_mid_a.data (type: reg)
[module_name_gen_test] PASS vcs
[module_name_gen_test] end
[sim_wave]
[module_name_test] begin
[mid_paths_count] 3
[mid_paths] tb_top.u_top.u_mid_a
[mid_paths] tb_top.u_top.u_mid_b
[mid_paths] tb_top.u_top.u_mid_out
[mid_wild_paths_count] 1
[mid_wild_paths] tb_top.u_top.u_mid_a
[leaf_wild_paths_count] 4
[leaf_wild_paths] tb_top.u_top.u_leaf_top
[leaf_wild_paths] tb_top.u_top.u_mid_a.u_leaf
[leaf_wild_paths] tb_top.u_top.u_mid_b.u_leaf
[leaf_wild_paths] tb_top.u_top.u_mid_out.u_leaf
[none_paths_count] 0
[show_def_name_wildcard_tree_begin]
[print_hierarchy] max_level=4 style=tree wildcard=*u_mid* module_name=MidMod show_def_name=true
tb_top (module: tb_top)
|-- u_top (module: top)
|   |-- u_mid_a (module: MidMod)
|   |-- u_mid_b (module: MidMod)
|   |-- u_mid_out (module: MidMod)
[show_def_name_wildcard_tree_end]
[show_def_name_contains] MidMod
[show_def_name_no_wildcard_tree_begin]
[print_hierarchy] max_level=4 style=tree show_def_name=true
tb_top (module: tb_top)
|-- clock
|-- cycles
|-- dump_file
|-- dump_start_cycle
|-- reset
|-- u_others (module: Others)
|   |-- clock
|   |-- reset
|-- u_top (module: top)
|   |-- clock
|   |-- leaf_top_data
|   |-- mid_a_data
|   |-- mid_b_data
|   |-- mid_out_data
|   |-- reset
|   |-- u_leaf_top (module: LeafMod)
|   |   |-- clock
|   |   |-- data
|   |   |-- reset
|   |-- u_mid_a (module: MidMod)
|   |   |-- clock
|   |   |-- data
|   |   |-- leaf_data
|   |   |-- reset
|   |   |-- u_leaf (module: LeafMod)
|   |   |   |-- clock
|   |   |   |-- data
|   |   |   |-- reset
|   |-- u_mid_b (module: MidMod)
|   |   |-- clock
|   |   |-- data
|   |   |-- leaf_data
|   |   |-- reset
|   |   |-- u_leaf (module: LeafMod)
|   |   |   |-- clock
|   |   |   |-- data
|   |   |   |-- reset
|   |-- u_mid_out (module: MidMod)
|   |   |-- clock
|   |   |-- data
|   |   |-- leaf_data
|   |   |-- reset
|   |   |-- u_leaf (module: LeafMod)
|   |   |   |-- clock
|   |   |   |-- data
|   |   |   |-- reset
[show_def_name_no_wildcard_tree_end]
[show_def_name_no_wildcard_contains] MidMod
[multi_wild_paths_count] 2
[multi_wild_paths] tb_top.u_top.u_mid_a.data
[multi_wild_paths] tb_top.u_top.u_mid_b.data
[multi_wild_tree_begin]
[print_hierarchy] max_level=4 style=tree wildcard=*u_mid_a.data,*u_mid_b.data
tb_top
|-- u_top
|   |-- u_mid_a
|   |   |-- data
|   |-- u_mid_b
|   |   |-- data
[multi_wild_tree_end]
[multi_wild_contains] u_mid_a,u_mid_b
[show_sig_type_paths_count] 1
[show_sig_type_paths] tb_top.u_top.u_mid_a.data (type: reg)
[show_sig_type_tree_begin]
[print_hierarchy] max_level=4 style=tree wildcard=*u_mid_a.data show_sig_type=true
tb_top
|-- u_top
|   |-- u_mid_a
|   |   |-- data (type: reg)
[show_sig_type_tree_end]
[show_sig_type_contains] reg
[show_sig_type_wire_paths_count] 1
[show_sig_type_wire_paths] tb_top.u_top.u_mid_a.leaf_data (type: wire)
[show_sig_type_wire_tree_begin]
[print_hierarchy] max_level=4 style=tree wildcard=*u_mid_a.leaf_data show_sig_type=true
tb_top
|-- u_top
|   |-- u_mid_a
|   |   |-- leaf_data (type: wire)
[show_sig_type_wire_tree_end]
[show_sig_type_wire_contains] wire
[module_name_test] PASS fsdb
[module_name_test] end
